1. <span class = "note"> используется вместо <distinct>. В spoken_manual часто.
2. Предобработка. <span class="note">, <p class = "h1|h2|H1|H2" а также  <h1> <h2> <H1> <H2> конвертируются в "<noindex>"
проверить <h1> <h2> <H1> <H2> в других корпусах!

Обнаружилось, что у нас частично дублируется информация в папках ruscorpora/corpora/tables (сокращенно $COMMON, так это имя упоминается в скриптах) и в ruscorpora/ruscorpora-processing/tables (сокращенно tables). tables хранится в git, $COMMON в svn. Кажется, что svn - более правильное место для лингвистических данных.
4 файла (add.cfg, del.cfg, fixlist.txt и lemmer-test.txt) есть только в tables, первые 2 используются морфологией,  fixlist.txt и lemmer-test.txt в кодах скриптов bash и python не нашлось.
3 файла (actors.csv, morphdict.csv и obsc.dat полностью совпадают. actors.csv из $COMMON используется индексатором и при предобработке (внесение сведений о говорящих в документы). morphdict.csv и obsc.dat из $COMMON и tables нигде не используются, поисковый сервер использует третью копию ruscorpora/ruscorpora/search/data/obsc.dat
3 файла (adverbs.csv, conjugations.csv, declinations.csv) отличаются кодировкой (win-1251 в $COMMON, utf-8 в tables). Все эти файлы из tables используются в программе declinations.py.(school.sh)
semantics.csv также отличается кодировкой, также разошлись данные в 4-5 местах. Он используется программой annotate.py как из tables, так и из $COMMON, в разных скриптах по разному, чаще с tables.


Битый xml
Error in private/razgovor_o_horeografii.xml: attributes construct error, line 70, column 1403
<distinct form="чё"-то">что&#769;-то</distinct>

Error in private/grigoryeva_vospominanya.xml: Unescaped '<' not allowed in attributes values, line 135, column 119
<distinct form="всё-тки>всё-таки</distinct>

Error in private/mashkina_razg_s_rebenkom.xml: Opening and ending tag mismatch: speech line 3 and speach, line 3, column 101
<speech actor="Маргарита Владимировна С." sex="жен" profession="студентка">Приве&#769;т.</speach>

Error in private/kibersport.xml :  Opening and ending tag mismatch: speach line 4 and speech, line 4, column 127
<speach role="Иван" sex="муж" profession="магистрант"><distinct form="А&#769;а">а&#769;</distinct> <distinct form="здра&#769;сьте">здра&#769;вствуйте</distinct>. Ка&#769;к ва&#769;с зову&#769;т?</speach>
<speach role="Улугбек" sex="муж" profession="переводчик">Здра&#769;вствуйте/ меня&#769; зову&#769;т Улугбе&#769;к.</speech>

Error in private/nizh_novg/laptop.xml :  AttValue: " or ' expected, line 62, column 105
<span class=note>ASUS</span>… во&#769;т вариа&#769;нт. А&#769;й тре&#769;тий <span class=note>i3</span>

Error in private/nizh_novg/bookshop.xml :  AttValue: " or ' expected, line 96, column 324
<span class=note>Смеется</span>

Error in private/nizh_novg/it_monolog.xml :  AttValue: " or ' expected, line 16, column 334
<span class=note>Java</span> (3 раза)
<span class=note>Eclipse</span>
<span class=note>C++</span>
<span class=note>Visual Studio</span>

Error in private/nizh_novg/obsuzhdenie_filmov.xml :  Opening and ending tag mismatch: смеется line 24 and speech, line 24, column 135
<speech SEX="жен" PROFESSION="студент" ROLE="Елена" ><смеется> Да&#769;/ когда&#769; бу&#769;дет свобо&#769;дное вре&#769;мя.</speech>
нужно
<speech SEX="жен" PROFESSION="студент" ROLE="Елена" ><span class="note">смеется</span> Да&#769;/ когда&#769; бу&#769;дет свобо&#769;дное вре&#769;мя.</speech>
?

Error in private/nizh_novg/instructor.xml :  Opening and ending tag mismatch: noindex line 24 and speech, line 24, column 617
<noindex>[нрзбр]<noindex>/ «<distinct form="Ка-ка-ка&#769;к">ка&#769;к</distinct> алюми&#769;ний/ <distinct form="чё">что</distinct> мы&#769; пойдём грузи&#769;ть?»</speech>

Error in private/nizh_novg/zastroischik.xml :  AttValue: " or ' expected, line 4, column 200
<span class=note>Г</span>

Error in private/nizh_novg/friends3.xml :  AttValue: " or ' expected, line 2, column 248
<span class=note>IT</span>

Error in private/nizh_novg/food.xml :  AttValue: " or ' expected, line 4, column 68
<span class=note>Что</span>

Error in private/kazakhstan/ignateva.txt.xml :  Opening and ending tag mismatch: speech line 3 and speach, line 3, column 108
<speech role="Галина Степановна И." sex="жен" profession="пенсионерка">Вы&#769; продаве&#769;ц?</speach>

Error in private/kazakhstan/razumova svetlana.txt.xml :  Opening and ending tag mismatch: speach line 6 and speech, line 6, column 468
<speach role="Анастасия" sex="жен" profession="студентка">Ка&#769;к ва&#769;ша семья&#769; попа&#769;ла в Казахста&#769;н?</speach>
<speach role="Светлана" sex="жен" profession="продавец">О&#769;й/ э&#769;то уже&#769; давно&#769; бы&#769;ло. Ну ка&#769;к? Я&#769; да&#769;же не зна&#769;ю. Ба&#769;бушка у на&#769;с <distinct form="а&#769;а">а&#769;</distinct>... А та&#769;м фами&#769;лию/ всё называ&#769;ть или?..</speach>
<speach role="Анастасия" sex="жен" profession="студентка">Ну е&#769;сли хоти&#769;те - мо&#769;жете.</speach>
<speach role="Светлана" sex="жен" profession="продавец">Ну&#769;/ ба&#769;бушка... Го&#769;споди/ ка&#769;к у неё фами&#769;лия-то? Ха&#769;рченко? О&#769;! Забы&#769;ла ба&#769;бину фами&#769;лию. Коро&#769;че/ ба&#769;ба - она&#769; чи&#769;стая украи&#769;нка. Она&#769;/ получа&#769;ется/ и&#769;х как депорти&#769;ровали или <distinct form="чё">что&#769;</distinct> во вре&#769;мя револю&#769;ции с Украи&#769;ны. Они&#769; бы&#769;ли кулака&#769;ми.</speech>

Error in private/kazakhstan/solovyeva_ak.txt.xml :  Opening and ending tag mismatch: speach line 3 and speech, line 3, column 314
<speach role=" Антонина С." sex="жен" profession="швея">... тако&#769;й челове&#769;к с жено&#769;й. А э&#769;то така&#769;я была&#769; э&#769;то... все&#769; ходи&#769;ли по посе&#769;дкам/ а лужки&#769;-то длин... больши&#769;е/ и в ка&#769;ждой посе&#769;дке они&#769; иду&#769;т и припева&#769;ют.</speech>

Error in public/oralhistory/1443_Mezhuev.xml :  Unescaped '<' not allowed in attributes values, line 135, column 592
 <distinct form="<distinct form="ВэЦээСПээ&#769;С">ВЦСПС</distinct>

Error in public/oralhistory/orh-12-13_shklovsky.xml :  StartTag: invalid element name, line 467, column 347
 «Вы&#769; ду&#769;маете/ э&#769;то бре&#769;дит маляри&#769;я? / Э&#769;то бы&#769;ло <...> / Во&#769;семь. Де&#769;вять. Де&#769;сять».
нужно
 «Вы&#769; ду&#769;маете/ э&#769;то бре&#769;дит маляри&#769;я? / Э&#769;то бы&#769;ло [...] / Во&#769;семь. Де&#769;вять. Де&#769;сять».
 ?

Error in public/politics/yabloko_slabunova.xml :  AttValue: " or ' expected, line 2, column 273
<span class=note>аплодисменты</span> (3 раза ошибка такого типа)

Error in public/politics/brechalov.xml :  Opening and ending tag mismatch: speach line 137 and body, line 423, column 8
<speach role="Бречалов Александр Владимирович" sex="муж" profession="секретарь Общественной палаты РФ">Су&#769;пер.
$
<speach role="Бречалов Александр Владимирович" sex="муж" profession="секретарь Общественной палаты РФ">...

Error in public/politics/yabloko_yavlinsky.xml :  AttValue: " or ' expected, line 8, column 386
<span class=note>аплодисменты</span> (16 раз)

Error in public/tv_province/province_angarsk.xml :  AttValue: " or ' expected, line 179, column 76
<span class=note>Читает стихотворение</span>

Error in public/tv_province/province_zaraisk.xml :  AttValue: " or ' expected, line 112, column 77
<span class=note>Поет</span>

Error in public/tv_province/province_syktyvkar.xml :  AttValue: " or ' expected, line 88, column 132
<span class=note>СССР</span>

Error in public/tv_province/province_bui.xml :  AttValue: " or ' expected, line 14, column 496
<span class=note>В телестудии</span> (3 раза)

Error in public/tv_province/province_po_techeniyu.xml :  Unescaped '<' not allowed in attributes values, line 6, column 121
class="note&#769;>думает</span> (4 раза)

Error in public/tv_province/province_starozhilovo.xml :  Opening and ending tag mismatch: speech line 78 and span, line 78, column 189
</span>пение за кадром</span> (2 раза )

Error in public/tv_province/province_kasli.xml :  AttValue: " or ' expected, line 22, column 167
 <span class=note>В.</span> (3 раза)

Error in public/tv_province/province_bryansk.xml :  AttValue: " or ' expected, line 9, column 77
<span class=note>Читает стихотворение</span> (6 раз)

Error in public/tv_province/province_udmurty.xml :  AttValue: " or ' expected, line 79, column 139
<span class=note>говорит по-удмуртски</span>

Error in public/tv_province/province_rogatino.xml :  AttValue: " or ' expected, line 84, column 332
<span class=note>УВД</span> (2 раза)

Error in public/science/science_slam/davydkin.xml :  Opening and ending tag mismatch: нрзб line 3 and speach, line 3, column 619
по нау&#769;чной <нрзб> инновацио&#769;нной рабо&#769;те (5 раз)
и всюду <speach>

Error in public/science/science_slam/shestakov.xml :  Opening and ending tag mismatch: нрзб line 31 and speach, line 31, column 587
Микро&#769;бы <нрзб> наприме&#769;р. (2 раза)
и всюду <speach>

Error in public/science/science_slam/scherbakov.xml :  Opening and ending tag mismatch: нрзб line 58 and speach, line 58, column 118
<нрзб> (2 раза)

Error in public/science/science_slam/titov.xml :  Opening and ending tag mismatch: нрзб line 9 and speach, line 9, column 692
<нрзб>
и всюду <speach>

Error in public/science/science_slam/stepanova.xml :  Opening and ending tag mismatch: нрзб line 109 and speach, line 109, column 819
<нрзб> (3 раза)
и всюду <speach>

Error in public/science/science_slam/kurganskaya.xml :  Opening and ending tag mismatch: нрзб line 67 and speach, line 67, column 50
<нрзб> (2 раза)
и всюду <speach>



Element 'speech': The attribute 'actor' is required but missing.: 29794time(s)
Element 'speech', attribute 'SEX': The attribute 'SEX' is not allowed.: 16868time(s)
Element 'speech', attribute 'ROLE': The attribute 'ROLE' is not allowed.: 16859time(s)
Element 'speech', attribute 'PROFESSION': The attribute 'PROFESSION' is not allowed.: 16108time(s)
Element 'br': This element is not expected. Expected is one of ( span, distinct, noindex, p ).: 7596time(s)
Element 'speech', attribute 'ACTOR': The attribute 'ACTOR' is not allowed.: 151time(s)
Element 'speech', attribute 'profession': 'поэт,' is not a valid value of the atomic type 'xs:NMTOKEN'.: 51time(s)
Element 'span': Element content is not allowed, because the content type is a simple type definition.: 36time(s)
Element 'br': This element is not expected.: 32time(s)
Element 'speech', attribute 'profession': 'поэт, писатель' is not a valid value of the list type 'xs:NMTOKENS'.: 30time(s)
Element 'speech', attribute 'profession': 'поэт, телеведущий' is not a valid value of the list type 'xs:NMTOKENS'.: 21time(s)
Element 'speech', attribute 'profession': 'писатель, протоиерей' is not a valid value of the list type 'xs:NMTOKENS'.: 19time(s)
Element 'speech', attribute 'profession': 'писатель,' is not a valid value of the atomic type 'xs:NMTOKEN'.: 19time(s)
Element 'speach': This element is not expected. Expected is one of ( speech, span, noindex ).: 16time(s)
Element 'span': The attribute 'class' is required but missing.: 4time(s)
Element 'i': This element is not expected. Expected is one of ( span, distinct, noindex, p ).: 3time(s)
Element 'speach': This element is not expected.: 2time(s)
Element 'speech', attribute 'sex': [facet 'enumeration'] The value 'же' is not an element of the set {'муж', 'жен', 'муж-жен', 'жен-муж'}.: 1time(s)
Element 'distinct': This element is not expected.: 1time(s)
Element 'noindex': Element content is not allowed, because the type definition is simple.: 1time(s)
Element 'speech', attribute 'sex': 'же' is not a valid value of the atomic type 'sexType'.: 1time(s)